C51 COMPILER V9.01   MAIN                                                                  10/16/2022 07:50:36 PAGE 1   


C51 COMPILER V9.01, COMPILATION OF MODULE MAIN
OBJECT MODULE PLACED IN main.OBJ
COMPILER INVOKED BY: C:\Keil\C51\BIN\C51.EXE main.c BROWSE DEBUG OBJECTEXTEND

line level    source

   1          
   2                                   
   3          #include "C:\110195_VuHuuBac\lib\main.h"
   4          
   5          
   6          //sang tat do Y quyet dinh
   7          // chia cho 10 
   8                  void main (void ){
   9   1      
  10   1                       hienthi(14082001);
  11   1              }
  12          


MODULE INFORMATION:   STATIC OVERLAYABLE
   CODE SIZE        =     11    ----
   CONSTANT SIZE    =   ----    ----
   XDATA SIZE       =   ----    ----
   PDATA SIZE       =   ----    ----
   DATA SIZE        =   ----    ----
   IDATA SIZE       =   ----    ----
   BIT SIZE         =   ----    ----
END OF MODULE INFORMATION.


C51 COMPILATION COMPLETE.  0 WARNING(S),  0 ERROR(S)
